>>> account = BankAccount("TEST001", 100)
>>> account.deposit(50)
150.0
>>> validate_email("test@example.com")
True

Verify class works correctly:
>>> acc = BankAccount("123")
>>> acc.deposit(25)
25.0
>>> acc.withdraw(10)
15.0
Creating account:
>>> account = BankAccount("12345", 100.0)
>>> account.account_number
'12345'
>>> account.balance
100.0

Account operations:
>>> account.deposit(50)
150.0
>>> account.withdraw(30)
120.0

Checking balance:
>>> account.get_balance()
120.0

Insufficient funds:
>>> account.withdraw(200)
Traceback (most recent call last):
    ...
ValueError: Insufficient funds

>>> account = BankAccount("54321")
>>> account.balance  # doctest: +SKIP
0.0

>>> account = BankAccount("123", 100)
>>> account.deposit(25)
125.0

Invalid amount:
>>> account.deposit(-10)
Traceback (most recent call last):
    ...
ValueError: Amount must be positive


>>> account = BankAccount("123", 100)
>>> account.withdraw(25)

>>> account = BankAccount("123", 42.50)
>>> account.get_balance()
42.5
Valid emails:
>>> validate_email("user@example.com")
True
>>> validate_email("test.user+tag@domain.co.uk")
True

Invalid emails:
>>> validate_email("invalid")
False
>>> validate_email("@example.com")
False
>>> validate_email("user@")
False
>>> validate_email("")
False

Edge cases:
>>> validate_email("a@b.co")
True
>>> validate_email("very.long.email.address@very.long.domain.name.com")
True
